
PROGRAM "Z:\itext\pdo.4499\bin\P&E_FCS.abs"

*********************************************************************************************
TARGET SECTION
---------------------------------------------------------------------------------------------
Processor   : Motorola HC08
Memory Model: SMALL
File Format : ELF\Dwarf 2.0
Linker      : SmartLinker V-5.0.21, Apr 11 2003

*********************************************************************************************
FILE SECTION
---------------------------------------------------------------------------------------------
Start08.c.o                             Model: SMALL,         Lang: ANSI-C
RTSHC08.C.o (ansii.lib)                 Model: SMALL,         Lang: ANSI-C
STRING.C.o (ansii.lib)                  Model: SMALL,         Lang: ANSI-C
Cpu.C.o                                 Model: SMALL,         Lang: ANSI-C
IO_Map.C.o                              Model: SMALL,         Lang: ANSI-C
Vectors.c.o                             Model: SMALL,         Lang: ANSI-C
Events.C.o                              Model: SMALL,         Lang: ANSI-C
itext_gp32.C.o                          Model: SMALL,         Lang: ANSI-C
osd.c.o                                 Model: SMALL,         Lang: ANSI-C
delay.c.o                               Model: SMALL,         Lang: ANSI-C

*********************************************************************************************
STARTUP SECTION
---------------------------------------------------------------------------------------------
Entry point: 0x8007 (_EntryPoint)
_startupData is allocated at 0x8033 and uses 9 Bytes
extern struct _tagStartup {
  unsigned flags          0
  _PFunc   main           0x813D    (main)
  unsigned nofZeroOut     1
  _Range   pZeroOut       0x60     31
  _Copy    *toCopyDownBeg 0x8434
} _startupData;

*********************************************************************************************
SECTION-ALLOCATION SECTION
Section Name                    Size  Type     From       To       Segment
---------------------------------------------------------------------------------------------
.text                            837     R     0x8044     0x8388   ROM
.rodata                          171     R     0x8389     0x8433   ROM
.abs_section_3e                    1   N/I       0x3E       0x3E   .absSeg0
.abs_section_3d                    1   N/I       0x3D       0x3D   .absSeg1
.abs_section_3c                    1   N/I       0x3C       0x3C   .absSeg2
.abs_section_fe09                  1   N/I     0xFE09     0xFE09   .absSeg3
.abs_section_fe0d                  1   N/I     0xFE0D     0xFE0D   .absSeg4
.abs_section_fe0b                  1   N/I     0xFE0B     0xFE0B   .absSeg5
.abs_section_1f                    1   N/I       0x1F       0x1F   .absSeg6
.abs_section_1e                    1   N/I       0x1E       0x1E   .absSeg7
.abs_section_ffff                  1   N/I     0xFFFF     0xFFFF   .absSeg8
.abs_section_4                     1   N/I        0x4        0x4   .absSeg9
.abs_section_5                     1   N/I        0x5        0x5   .absSeg10
.abs_section_6                     1   N/I        0x6        0x6   .absSeg11
.abs_section_7                     1   N/I        0x7        0x7   .absSeg12
.abs_section_c                     1   N/I        0xC        0xC   .absSeg13
.abs_section_ff7e                  1   N/I     0xFF7E     0xFF7E   .absSeg14
.abs_section_fe08                  1   N/I     0xFE08     0xFE08   .absSeg15
.abs_section_fe04                  1   N/I     0xFE04     0xFE04   .absSeg16
.abs_section_fe05                  1   N/I     0xFE05     0xFE05   .absSeg17
.abs_section_fe06                  1   N/I     0xFE06     0xFE06   .absSeg18
.abs_section_1b                    1   N/I       0x1B       0x1B   .absSeg19
.abs_section_1a                    1   N/I       0x1A       0x1A   .absSeg20
.abs_section_1d                    1   N/I       0x1D       0x1D   .absSeg21
.abs_section_fe0c                  2   N/I     0xFE0C     0xFE0D   .absSeg73
.abs_section_37                    1   N/I       0x37       0x37   .absSeg23
.abs_section_36                    1   N/I       0x36       0x36   .absSeg24
.abs_section_3b                    1   N/I       0x3B       0x3B   .absSeg25
.abs_section_3a                    1   N/I       0x3A       0x3A   .absSeg26
.abs_section_38                    2   N/I       0x38       0x39   .absSeg74
.abs_section_39                    1   N/I       0x39       0x39   .absSeg28
.abs_section_0                     1   N/I        0x0        0x0   .absSeg29
.abs_section_d                     1   N/I        0xD        0xD   .absSeg30
.abs_section_1                     1   N/I        0x1        0x1   .absSeg31
.abs_section_2                     1   N/I        0x2        0x2   .absSeg32
.abs_section_e                     1   N/I        0xE        0xE   .absSeg33
.abs_section_3                     1   N/I        0x3        0x3   .absSeg34
.abs_section_f                     1   N/I        0xF        0xF   .absSeg35
.abs_section_8                     1   N/I        0x8        0x8   .absSeg36
.abs_section_fe03                  1   N/I     0xFE03     0xFE03   .absSeg37
.abs_section_fe00                  1   N/I     0xFE00     0xFE00   .absSeg38
.abs_section_19                    1   N/I       0x19       0x19   .absSeg39
.abs_section_13                    1   N/I       0x13       0x13   .absSeg40
.abs_section_14                    1   N/I       0x14       0x14   .absSeg41
.abs_section_15                    1   N/I       0x15       0x15   .absSeg42
.abs_section_18                    1   N/I       0x18       0x18   .absSeg43
.abs_section_16                    1   N/I       0x16       0x16   .absSeg44
.abs_section_17                    1   N/I       0x17       0x17   .absSeg45
.abs_section_10                    1   N/I       0x10       0x10   .absSeg46
.abs_section_12                    1   N/I       0x12       0x12   .absSeg47
.abs_section_11                    1   N/I       0x11       0x11   .absSeg48
.abs_section_fe01                  1   N/I     0xFE01     0xFE01   .absSeg49
.abs_section_21                    2   N/I       0x21       0x22   .absSeg75
.abs_section_22                    1   N/I       0x22       0x22   .absSeg51
.abs_section_26                    2   N/I       0x26       0x27   .absSeg76
.abs_section_27                    1   N/I       0x27       0x27   .absSeg53
.abs_section_29                    2   N/I       0x29       0x2A   .absSeg77
.abs_section_2a                    1   N/I       0x2A       0x2A   .absSeg55
.abs_section_23                    2   N/I       0x23       0x24   .absSeg78
.abs_section_24                    1   N/I       0x24       0x24   .absSeg57
.abs_section_20                    1   N/I       0x20       0x20   .absSeg58
.abs_section_25                    1   N/I       0x25       0x25   .absSeg59
.abs_section_28                    1   N/I       0x28       0x28   .absSeg60
.abs_section_2c                    2   N/I       0x2C       0x2D   .absSeg79
.abs_section_2d                    1   N/I       0x2D       0x2D   .absSeg62
.abs_section_31                    2   N/I       0x31       0x32   .absSeg80
.abs_section_32                    1   N/I       0x32       0x32   .absSeg64
.abs_section_34                    2   N/I       0x34       0x35   .absSeg81
.abs_section_35                    1   N/I       0x35       0x35   .absSeg66
.abs_section_2e                    2   N/I       0x2E       0x2F   .absSeg82
.abs_section_2f                    1   N/I       0x2F       0x2F   .absSeg68
.abs_section_2b                    1   N/I       0x2B       0x2B   .absSeg69
.abs_section_30                    1   N/I       0x30       0x30   .absSeg70
.abs_section_33                    1   N/I       0x33       0x33   .absSeg71
.abs_section_1c                    1   N/I       0x1C       0x1C   .absSeg72
.abs_section_ffdc                 36     R     0xFFDC     0xFFFF   .absSeg83
.startData                        17     R     0x8033     0x8043   ROM
.init                             51     R     0x8000     0x8032   ROM
.common                           31   R/W       0x60       0x7E   RAM
.stack                           128   R/W       0x7F       0xFE   RAM
.copy                              2     R     0x8434     0x8435   ROM


ROM size:      45A (dec:     1114)
RAM size:       F2 (dec:      242)

*********************************************************************************************
VECTOR-ALLOCATION SECTION
    Address     InitValue   InitFunction
---------------------------------------------------------------------------------------------

*********************************************************************************************
OBJECT-ALLOCATION SECTION
     Name               Module                 Addr   hSize   dSize     Ref    Section     RLIB
---------------------------------------------------------------------------------------------
MODULE:                 -- Start08.c.o --
- PROCEDURES:
     loadByte                                  8044      17      23       5   .text       
     Init                                      805B      75     117       1   .text       
     _Startup                                  80D0      1A      26       1   .text       
- VARIABLES:
     _startupData                              8033       9       9       9   .startData  
- LABELS:
     __SEG_END_SSTACK                            FF       0       0       1               
MODULE:                 -- RTSHC08.C.o (ansii.lib) --
- PROCEDURES:
     _ICMP                                     80EA      16      22       1   .text       
- VARIABLES:
MODULE:                 -- STRING.C.o (ansii.lib) --
- PROCEDURES:
     strlen                                    8100      3C      60       2   .text       
- VARIABLES:
MODULE:                 -- Cpu.C.o --
- PROCEDURES:
     Cpu_Interrupt                             8000       1       1      16   .init       
     Cpu_SWIInterrupt                          8001       6       6       1   .init       
     _EntryPoint                               8007      2A      42       1   .init       
     PE_low_level_init                         8031       2       2       1   .init       
- VARIABLES:
MODULE:                 -- IO_Map.C.o --
- PROCEDURES:
- VARIABLES:
     _ADCLK                                      3E       1       1       0   .abs_section_3e
     _ADR                                        3D       1       1       0   .abs_section_3d
     _ADSCR                                      3C       1       1       0   .abs_section_3c
     _BRKH                                     FE09       1       1       0   .abs_section_fe09
     _BRKL                                     FE0D       1       1       0   .abs_section_fe0d
     _BRKSCR                                   FE0B       1       1       0   .abs_section_fe0b
     _CONFIG1                                    1F       1       1       1   .abs_section_1f
     _CONFIG2                                    1E       1       1       1   .abs_section_1e
     _COPCTL                                   FFFF       1       1       0   .abs_section_ffff
     _DDRA                                        4       1       1       0   .abs_section_4
     _DDRB                                        5       1       1       1   .abs_section_5
     _DDRC                                        6       1       1       0   .abs_section_6
     _DDRD                                        7       1       1       1   .abs_section_7
     _DDRE                                        C       1       1       0   .abs_section_c
     _FLBPR                                    FF7E       1       1       0   .abs_section_ff7e
     _FLCR1                                    FE08       1       1       0   .abs_section_fe08
     _INT1                                     FE04       1       1       0   .abs_section_fe04
     _INT2                                     FE05       1       1       0   .abs_section_fe05
     _INT3                                     FE06       1       1       0   .abs_section_fe06
     _INTKBIER                                   1B       1       1       0   .abs_section_1b
     _INTKBSCR                                   1A       1       1       0   .abs_section_1a
     _INTSCR                                     1D       1       1       0   .abs_section_1d
     _LVISR                                    FE0C       1       1       0   .abs_section_fe0c
     _PBWC                                       37       1       1       2   .abs_section_37
     _PCTL                                       36       1       1       7   .abs_section_36
     _PMDS                                       3B       1       1       0   .abs_section_3b
     _PMRS                                       3A       1       1       1   .abs_section_3a
     _PMSH                                       38       1       1       0   .abs_section_38
     _PMSL                                       39       1       1       0   .abs_section_39
     _PTA                                         0       1       1       0   .abs_section_0
     _PTAPUE                                      D       1       1       0   .abs_section_d
     _PTB                                         1       1       1       3   .abs_section_1
     _PTC                                         2       1       1       0   .abs_section_2
     _PTCPUE                                      E       1       1       0   .abs_section_e
     _PTD                                         3       1       1       5   .abs_section_3
     _PTDPUE                                      F       1       1       0   .abs_section_f
     _PTE                                         8       1       1       0   .abs_section_8
     _SBFCR                                    FE03       1       1       0   .abs_section_fe03
     _SBSR                                     FE00       1       1       0   .abs_section_fe00
     _SCBR                                       19       1       1       0   .abs_section_19
     _SCC1                                       13       1       1       0   .abs_section_13
     _SCC2                                       14       1       1       0   .abs_section_14
     _SCC3                                       15       1       1       0   .abs_section_15
     _SCDR                                       18       1       1       0   .abs_section_18
     _SCS1                                       16       1       1       0   .abs_section_16
     _SCS2                                       17       1       1       0   .abs_section_17
     _SPCR                                       10       1       1       0   .abs_section_10
     _SPDR                                       12       1       1       0   .abs_section_12
     _SPSCR                                      11       1       1       0   .abs_section_11
     _SRSR                                     FE01       1       1       0   .abs_section_fe01
     _T1CNTH                                     21       1       1       0   .abs_section_21
     _T1CNTL                                     22       1       1       0   .abs_section_22
     _T1CH0H                                     26       1       1       0   .abs_section_26
     _T1CH0L                                     27       1       1       0   .abs_section_27
     _T1CH1H                                     29       1       1       0   .abs_section_29
     _T1CH1L                                     2A       1       1       0   .abs_section_2a
     _T1MODH                                     23       1       1       0   .abs_section_23
     _T1MODL                                     24       1       1       0   .abs_section_24
     _T1SC                                       20       1       1       0   .abs_section_20
     _T1SC0                                      25       1       1       0   .abs_section_25
     _T1SC1                                      28       1       1       0   .abs_section_28
     _T2CNTH                                     2C       1       1       0   .abs_section_2c
     _T2CNTL                                     2D       1       1       0   .abs_section_2d
     _T2CH0H                                     31       1       1       0   .abs_section_31
     _T2CH0L                                     32       1       1       0   .abs_section_32
     _T2CH1H                                     34       1       1       0   .abs_section_34
     _T2CH1L                                     35       1       1       0   .abs_section_35
     _T2MODH                                     2E       1       1       0   .abs_section_2e
     _T2MODL                                     2F       1       1       0   .abs_section_2f
     _T2SC                                       2B       1       1       0   .abs_section_2b
     _T2SC0                                      30       1       1       0   .abs_section_30
     _T2SC1                                      33       1       1       0   .abs_section_33
     _TBCR                                       1C       1       1       0   .abs_section_1c
     _BRK                                      FE0C       2       2       0   .abs_section_fe0c
     _PMS                                        38       2       2       1   .abs_section_38
     _T1CNT                                      21       2       2       0   .abs_section_21
     _T1CH0                                      26       2       2       0   .abs_section_26
     _T1CH1                                      29       2       2       0   .abs_section_29
     _T1MOD                                      23       2       2       0   .abs_section_23
     _T2CNT                                      2C       2       2       0   .abs_section_2c
     _T2CH0                                      31       2       2       0   .abs_section_31
     _T2CH1                                      34       2       2       0   .abs_section_34
     _T2MOD                                      2E       2       2       0   .abs_section_2e
MODULE:                 -- Vectors.c.o --
- PROCEDURES:
- VARIABLES:
     _vect                                     FFDC      24      36       0   .abs_section_ffdc
MODULE:                 -- Events.C.o --
- PROCEDURES:
     Cpu_OnSwINT                               813C       1       1       1   .text       
- VARIABLES:
MODULE:                 -- itext_gp32.C.o --
- PROCEDURES:
     main                                      813D      B4     180       0   .text       
- VARIABLES:
     str                                       8389      51      81       7   .rodata     
     buff                                        60      1D      29       4   .common     
MODULE:                 -- osd.c.o --
- PROCEDURES:
     OSD_Reset                                 81F1      84     132       1   .text       
     OSD_FullMode                              8275      21      33       1   .text       
     OSD_CharMode                              8296      21      33       1   .text       
     OSD_VideoFullPageMode                     82B7      21      33       1   .text       
     OSD_SendWord                              82D8      23      35      17   .text       
     OSD_ScreenPos                             82FB      29      41       1   .text       
     OSD_TextPos                               8324       E      14       2   .text       
     OSD_PrintStr                              8332      39      57       2   .text       
- VARIABLES:
     tabla                                     83DA      5A      90       1   .rodata     
     u_control                                   7D       2       2      13   .common     
MODULE:                 -- delay.c.o --
- PROCEDURES:
     delay_ms                                  836B      1E      30       2   .text       
- VARIABLES:

*********************************************************************************************
SECTION USE IN OBJECT-ALLOCATION SECTION
---------------------------------------------------------------------------------------------
SECTION: ".text"
  loadByte Init _Startup _ICMP strlen Cpu_OnSwINT main OSD_Reset OSD_FullMode 
  OSD_CharMode OSD_VideoFullPageMode OSD_SendWord OSD_ScreenPos OSD_TextPos 
  OSD_PrintStr delay_ms 
SECTION: ".init"
  Cpu_Interrupt Cpu_SWIInterrupt _EntryPoint PE_low_level_init 
SECTION: ".rodata"
  str tabla 
SECTION: ".common"
  buff u_control 
SECTION: ".abs_section_3e"
  _ADCLK 
SECTION: ".abs_section_3d"
  _ADR 
SECTION: ".abs_section_3c"
  _ADSCR 
SECTION: ".abs_section_fe09"
  _BRKH 
SECTION: ".abs_section_fe0d"
  _BRKL 
SECTION: ".abs_section_fe0b"
  _BRKSCR 
SECTION: ".abs_section_1f"
  _CONFIG1 
SECTION: ".abs_section_1e"
  _CONFIG2 
SECTION: ".abs_section_ffff"
  _COPCTL 
SECTION: ".abs_section_4"
  _DDRA 
SECTION: ".abs_section_5"
  _DDRB 
SECTION: ".abs_section_6"
  _DDRC 
SECTION: ".abs_section_7"
  _DDRD 
SECTION: ".abs_section_c"
  _DDRE 
SECTION: ".abs_section_ff7e"
  _FLBPR 
SECTION: ".abs_section_fe08"
  _FLCR1 
SECTION: ".abs_section_fe04"
  _INT1 
SECTION: ".abs_section_fe05"
  _INT2 
SECTION: ".abs_section_fe06"
  _INT3 
SECTION: ".abs_section_1b"
  _INTKBIER 
SECTION: ".abs_section_1a"
  _INTKBSCR 
SECTION: ".abs_section_1d"
  _INTSCR 
SECTION: ".abs_section_fe0c"
  _BRK _LVISR 
SECTION: ".abs_section_37"
  _PBWC 
SECTION: ".abs_section_36"
  _PCTL 
SECTION: ".abs_section_3b"
  _PMDS 
SECTION: ".abs_section_3a"
  _PMRS 
SECTION: ".abs_section_38"
  _PMS _PMSH 
SECTION: ".abs_section_39"
  _PMSL 
SECTION: ".abs_section_0"
  _PTA 
SECTION: ".abs_section_d"
  _PTAPUE 
SECTION: ".abs_section_1"
  _PTB 
SECTION: ".abs_section_2"
  _PTC 
SECTION: ".abs_section_e"
  _PTCPUE 
SECTION: ".abs_section_3"
  _PTD 
SECTION: ".abs_section_f"
  _PTDPUE 
SECTION: ".abs_section_8"
  _PTE 
SECTION: ".abs_section_fe03"
  _SBFCR 
SECTION: ".abs_section_fe00"
  _SBSR 
SECTION: ".abs_section_19"
  _SCBR 
SECTION: ".abs_section_13"
  _SCC1 
SECTION: ".abs_section_14"
  _SCC2 
SECTION: ".abs_section_15"
  _SCC3 
SECTION: ".abs_section_18"
  _SCDR 
SECTION: ".abs_section_16"
  _SCS1 
SECTION: ".abs_section_17"
  _SCS2 
SECTION: ".abs_section_10"
  _SPCR 
SECTION: ".abs_section_12"
  _SPDR 
SECTION: ".abs_section_11"
  _SPSCR 
SECTION: ".abs_section_fe01"
  _SRSR 
SECTION: ".abs_section_21"
  _T1CNT _T1CNTH 
SECTION: ".abs_section_22"
  _T1CNTL 
SECTION: ".abs_section_26"
  _T1CH0 _T1CH0H 
SECTION: ".abs_section_27"
  _T1CH0L 
SECTION: ".abs_section_29"
  _T1CH1 _T1CH1H 
SECTION: ".abs_section_2a"
  _T1CH1L 
SECTION: ".abs_section_23"
  _T1MOD _T1MODH 
SECTION: ".abs_section_24"
  _T1MODL 
SECTION: ".abs_section_20"
  _T1SC 
SECTION: ".abs_section_25"
  _T1SC0 
SECTION: ".abs_section_28"
  _T1SC1 
SECTION: ".abs_section_2c"
  _T2CNT _T2CNTH 
SECTION: ".abs_section_2d"
  _T2CNTL 
SECTION: ".abs_section_31"
  _T2CH0 _T2CH0H 
SECTION: ".abs_section_32"
  _T2CH0L 
SECTION: ".abs_section_34"
  _T2CH1 _T2CH1H 
SECTION: ".abs_section_35"
  _T2CH1L 
SECTION: ".abs_section_2e"
  _T2MOD _T2MODH 
SECTION: ".abs_section_2f"
  _T2MODL 
SECTION: ".abs_section_2b"
  _T2SC 
SECTION: ".abs_section_30"
  _T2SC0 
SECTION: ".abs_section_33"
  _T2SC1 
SECTION: ".abs_section_1c"
  _TBCR 
SECTION: ".abs_section_ffdc"
  _vect 

*********************************************************************************************
UNUSED-OBJECTS SECTION
---------------------------------------------------------------------------------------------
NOT USED PROCEDURES
RTSHC08.C.o (ansii.lib):
  _PUSH_ARGS_L _PUSH_ARGS_D _ENTER_UNARY_L _ENTER_UNARY_L64 _ENTER_UNARY_L64_4 
  _ENTER_BINARY_L _ENTER_BINARY_L_RC _ENTER_BINARY_L_LC _ENTER_BINARY_L64 
  _ENTER_BINARY_L64_LC _ENTER_BINARY_L64_RC _IDIVMOD _SPLITSIGN 
  _LADD_k_is_k_plus_j _k_is_k_plus_j_l _k_is_k_plus_j_i _LSUB_k_is_k_minus_j 
  _LAND_k_is_k_and_j _LOR_k_is_k_or_j _LXOR_k_is_k_xor_j _LMUL_k_is_k_mul_j 
  _LDIVMOD _NEG_L_HX _ABS_L_HX _SPLITSIGN_L _LMODU_k_is_k_mod_j 
  _LDIVU_k_is_k_div_j _LMODS_k_is_k_mod_j _LDIVS_k_is_k_div_j _LCMP_k_rel_j 
  _BMULS _BDIVS _BMODS _IMUL _IDIVS _IDIVU _IMODS _IMODU _IDIVU_8 _IMODU_8 
  _IASR _ILSR _ILSL _LINC _LDEC _LNEG _LNOT _LADD _LADD_RC _LSUB _LSUB_LC 
  _LSUB_RC _LAND _LAND_RC _LOR _LOR_RC _LXOR _LXOR_RC _LMUL _LMUL_RC _LDIVS 
  _LDIVS_LC _LDIVS_RC _LDIVU _LDIVU_LC _LDIVU_RC _LMODS _LMODS_LC _LMODS_RC 
  _LMODU _LMODU_LC _LMODU_RC _LASR _LLSR _LLSL _LCMP _LCMP_RC _COPY _COPY_L 
  _POP32 _POP64 _STORE32 _STORE64 _SEXT8_32 _SEXT16_32 _CALL _Jump_Table_Addr 
  _Jump_Table_Offset _Jump_Table_Header_Addr _Jump_Table_Header_Offset 
  _Search_Table_16_Addr _Search_Table_16_Offset _Search_Table_8_Addr 
  _Search_Table_8_Offset _PUSH_CC _POP_CC 
STRING.C.o (ansii.lib):
  strerror memchr memcmp memcpy2 memcpy _memcpy_8bitCount memmove memset 
  _memset_clear_8bitCount strset strcat strncat strcpy strncpy strcmp strncmp 
  strchr strrchr strspn strcspn strpbrk strstr strtok strcoll strxfrm 
Cpu.C.o:
  Cpu_GetSpeedMode 
osd.c.o:
  OSD_DisplayOn OSD_ColorMode OSD_BlinkOption OSD_BlinkPeriod OSD_SyncMode 
  OSD_StandarType OSD_ColorEncoder OSD_LuminanceLevels OSD_PrintChar 
  OSD_PrintExChar 
NOT USED VARIABLES
RTSHC08.C.o (ansii.lib):
  _PowOfTwo_8 _PowOfTwo_16 _PowOfTwo_32 errno 
STRING.C.o (ansii.lib):
  STRING..1 next.2 
Cpu.C.o:
  CpuMode CCR_reg 
osd.c.o:
  u_mode 

*********************************************************************************************
COPYDOWN SECTION
---------------------------------------------------------------------------------------------
------- ROM-ADDRESS: 0x8434 ---- SIZE       2 ---
Filling bytes inserted
 0000

*********************************************************************************************
OBJECT-DEPENDENCIES SECTION
---------------------------------------------------------------------------------------------
Cpu_SWIInterrupt          USES Cpu_OnSwINT 
_EntryPoint               USES _CONFIG1 _CONFIG2 _PCTL _PMS _PMRS _PBWC 
                                _Startup 
Init                      USES _startupData loadByte 
_Startup                  USES _startupData __SEG_END_SSTACK Init 
main                      USES PE_low_level_init _DDRD _DDRB _PTB _PTD 
                                OSD_Reset OSD_ScreenPos OSD_CharMode OSD_FullMode 
                                OSD_VideoFullPageMode OSD_TextPos str OSD_PrintStr buff strlen 
                                delay_ms _ICMP 
OSD_Reset                 USES u_control OSD_SendWord 
OSD_FullMode              USES u_control OSD_SendWord 
OSD_CharMode              USES u_control OSD_SendWord 
OSD_VideoFullPageMode     USES u_control OSD_SendWord 
OSD_SendWord              USES _PTB _PTD 
OSD_ScreenPos             USES OSD_SendWord 
OSD_TextPos               USES OSD_SendWord 
OSD_PrintStr              USES tabla OSD_SendWord 
_vect                     USES Cpu_Interrupt Cpu_SWIInterrupt _EntryPoint 

*********************************************************************************************
DEPENDENCY TREE
*********************************************************************************************
 main and _Startup Group
 | 
 +- main                
 |  | 
 |  +- PE_low_level_init   
 |  |    
 |  +- OSD_Reset           
 |  |  | 
 |  |  +- OSD_SendWord        
 |  |       
 |  +- OSD_ScreenPos       
 |  |  | 
 |  |  +- OSD_SendWord         (see above)
 |  |     
 |  +- OSD_CharMode        
 |  |  | 
 |  |  +- OSD_SendWord         (see above)
 |  |     
 |  +- OSD_FullMode        
 |  |  | 
 |  |  +- OSD_SendWord         (see above)
 |  |     
 |  +- OSD_VideoFullPageMode
 |  |  | 
 |  |  +- OSD_SendWord         (see above)
 |  |     
 |  +- OSD_TextPos         
 |  |  | 
 |  |  +- OSD_SendWord         (see above)
 |  |     
 |  +- OSD_PrintStr        
 |  |  | 
 |  |  +- OSD_SendWord         (see above)
 |  |     
 |  +- strlen              
 |  |    
 |  +- delay_ms            
 |  |    
 |  +- _ICMP               
 |       
 +- _EntryPoint         
    | 
    +- _Startup            
       | 
       +- Init                
          | 
          +- loadByte            
               
 _vect               
 | 
 +- Cpu_Interrupt       
 |    
 +- Cpu_SWIInterrupt    
 |  | 
 |  +- Cpu_OnSwINT         
 |       
 +- _EntryPoint          (see above)
    
*********************************************************************************************
STATISTIC SECTION
---------------------------------------------------------------------------------------------

ExeFile:
--------
Number of blocks to be downloaded: 6
Total size of all blocks to be downloaded: 1114

